[dianadahrepsi.lovable.app/index.html]
[dianadahrepsi.lovable.app/assets/diana-jt5WeX-T.jpg]
[backblue.gif]
[fade.gif]
[index.html]
[dianadahrepsi.lovable.app/assets/styles-B1BScsnq.css]
[pub-bb2e103a32db4e198524a2e9ed8f35b4.r2.dev/9afa425a-4919-4115-99bd-843621edf976/id-preview-72014647--7cb0c48d-1c29-4bfb-9a80-a5fd71f036d9.lovable.app-1779638821394.png]
[dianadahrepsi.lovable.app/assets/index-CKiS-S99.js]
[dianadahrepsi.lovable.app/assets/index-DtnJLfcL.js]
[connect.facebook.net/en_US/fbevents.js]
[dianadahrepsi.lovable.app/index.html]
[dianadahrepsi.lovable.app/assets/styles-B1BScsnq.css]
[dianadahrepsi.lovable.app/_flock.js]
[dianadahrepsi.lovable.app/t]
[dianadahrepsi.lovable.app/e]
[dianadahrepsi.lovable.app/t.resolvedLink]
[dianadahrepsi.lovable.app/o]
[dianadahrepsi.lovable.app/signals/iwl.js]
[dianadahrepsi.lovable.app/signals/iwl0fc5.js]
[dianadahrepsi.lovable.app/n.dl]
[dianadahrepsi.lovable.app/n.rl]
[connect.facebook.net/en_US/fbevents.js]
[dianadahrepsi.lovable.app/signals/config]
[dianadahrepsi.lovable.app/signals/config/index.html]
[dianadahrepsi.lovable.app/t.html]
[dianadahrepsi.lovable.app/e.html]
[dianadahrepsi.lovable.app/signals/plugins]
[dianadahrepsi.lovable.app/signals/plugins/index.html]
[dianadahrepsi.lovable.app/schema.org]
[dianadahrepsi.lovable.app/schema.org/index.html]
[dianadahrepsi.lovable.app/t-2.html]
[dianadahrepsi.lovable.app/o.html]
[dianadahrepsi.lovable.app/signals/iwl.html]
[dianadahrepsi.lovable.app/signals/iwl0fc5.html]
[dianadahrepsi.lovable.app/n.html]
[dianadahrepsi.lovable.app/n-2.html]
[dianadahrepsi.lovable.app/signals/config.html]
[dianadahrepsi.lovable.app/signals/plugins.html]
[dianadahrepsi.lovable.app/schema.html]
